PS C:\Users\pg-ti\Documents\Git\git_challenge> git init C:\Users\pg-ti\Documents\Git\git_challenge
Reinitialized existing Git repository in C:/Users/pg-ti/Documents/Git/git_challenge/.git/     
PS C:\Users\pg-ti\Documents\Git\git_challenge> git add C:\Users\pg-ti\Documents\Git\git_challenge
PS C:\Users\pg-ti\Documents\Git\git_challenge> git commit -m "first"
[main 3991eb7] first
 1 file changed, 1 insertion(+)
 create mode 100644 hello_world.txt
PS C:\Users\pg-ti\Documents\Git\git_challenge> git add  C:\Users\pg-ti\Documents\Git\git_challenge
PS C:\Users\pg-ti\Documents\Git\git_challenge> git commit -m "second"
[main 0138eff] second
 1 file changed, 2 insertions(+), 1 deletion(-)
PS C:\Users\pg-ti\Documents\Git\git_challenge> git log --oneline                              
3b2bfe1 (HEAD -> main, origin/main) kadaituika
0138eff second
3991eb7 first
78fc541         new file:   hello_world.txt